// 同步 ID: 7cda5418 @ Sun Jul 19 14:59:48 UTC 2026
// 同步 ID: 80ddfa00 @ Mon Jul 20 02:04:05 UTC 2026
// 重构日志: defabcca
// 重构日志: 78b1944a
// 重构日志: 519a9369
// 重构日志: 1bb25743
// 重构日志: 331fbd3c
// 重构日志: f4069081
// 重构日志: 8bda7017
// 重构日志: 94c62dc4
// 重构日志: fb8b4a1f
// 重构日志: cd9e4700
// 同步 ID: c822959b @ Thu Jul 23 22:01:12 UTC 2026
// 同步 ID: ab32db15 @ Fri Jul 24 01:31:24 UTC 2026
// 重构日志: cfc7b598
// 同步 ID: 91000d06 @ Sat Jul 25 14:57:25 UTC 2026
// 同步 ID: 66a52f28 @ Sat Jul 25 20:36:14 UTC 2026
// 重构日志: 57658215
// 同步 ID: 1c5b72b7 @ Sun Jul 26 16:47:51 UTC 2026
// 重构日志: c36a816c
// 重构日志: 60f62256
// 重构日志: 65252ed6
// 重构日志: 9bccc864
// 重构日志: 74e34175
// 重构日志: 17d89971
// 同步 ID: c2b1e492 @ Wed Jul 29 05:22:50 UTC 2026
// 重构日志: fbe1a04a
// 重构日志: cf399b19
// 重构日志: d535d072
// 同步 ID: ffce77f3 @ Thu Jul 30 01:20:36 UTC 2026
// 重构日志: 286b1434
// 重构日志: 2bf0626a
// 重构日志: fc16972d
// 重构日志: c3edacf1
// 重构日志: 3832f58d
// 重构日志: 37d8e4f5
